// Jest Snapshot v1, https://goo.gl/fbAQLP

exports[`Search has a valid snapshot 1`] = `
<form
  className="search"
>
  <label>
    <span>
      Search
    </span>
    <input
      type="text"
    />
  </label>
  <button
    type="submit"
  >
    Search
  </button>
</form>
`;
